test-v2.js
test-v2: 1070 checks, 0 failures

research/hold-triple/engine-test.js
ok old flags stay absent, new defaults sanitize, fixed custom rules drop features
ok empty hold consumes exactly one queue entry; swaps never generate; previews 0..3
ok hold does not change score, turn, pours, combo, growth or logs; failures are atomic
ok introduction metadata and visible orientation travel with the held piece
ok flip reservations cannot exceed the placement-charged budget
ok only a successful placement restores hold before the next stuck check; revive does not
ok hold-only survival, unavailable hold and empty next-preview survival are distinguished
ok bounded room searches stay unknown, and a held alternative can require pouring
ok triple gate, intro exceptions and committed queue do not rewrite revealed pieces
ok triple statistics and remaining tail distribution match the fixed-seed hypothesis
ok no triple branch leaves every ordinary generated piece unchanged
ok three scattered free cells cannot accept a triple, while a contiguous slot can clear
ok feature state restoration is strict; corrupt holds/queues/budgets are rejected
ok save and undo snapshots replay hold/flip/place/pour exactly without duplicate growth
ok policy signatures isolate candidates and do not change during play
ok all historical rules and expanding transitions/signatures match the captured HEAD
hold/triple engine: 16 groups passed

research/expansion/engine-test.js
ok fresh standard starts at 6 bottles / 4 colors and keeps a confirmed queue
ok below / exactly / beyond threshold: successful action earns only due bottles
ok clear by placement earns a full normal bottle before stuck checking
ok clear by pouring unlocks immediately, but color activation waits for placement
ok crossing several thresholds pays all bottles and admits only one color per placement
ok earned bottle prevents a full-board loss in the same placement
ok failed and ended actions never consume generation or pay progression
ok new bottles accept pours, reversed pieces and normal completion scoring
ok zone settlement uses pre-unlock empties and cannot create a recursive unlock bonus
ok preview and cloned search actions do not mutate the live state
ok save / restoration replays identical state and undoes expansion without duplicate history
ok growth profile and queue policy signatures stay fixed through unlocks and isolate records
ok preview counts 0..3 restore and remain consistent across color admissions
ok table sanitization clamps colors/bottles and discards invalid or decreasing thresholds
ok tail weighting starts at the color cap and participates in the record signature
ok v1, v2 and daily transitions/signatures match the source at the baseline commit
ok same seed and policy reproduces expansion state, with colors capped after large scores
expansion engine: 17 groups passed
